
  ========================================================================
                license information 
    WARNING: License file not found!
             Please copy license.txt to $TURBODIR/LICENSE/
 No valid license file found, switching to DEMO mode
  ========================================================================

   OpenMP run-time library returned nthreads =  1

 dscf (dachshoehle) : TURBOMOLE rev. V7.4.1 (2bfdd732) compiled 4 Nov 2019 at 15:12:03
 Copyright (C) 2019 TURBOMOLE GmbH, Karlsruhe


    2024-01-10 14:29:26.977 



                             d s c f - program

                   idea & directorship : reinhart ahlrichs
                   program development : marco haeser
                                         michael baer
                           dft version : oliver treutler


                          quantum chemistry group
                          universitaet  karlsruhe
                                  germany




                          References             
                                                 
          TURBOMOLE:                             
              R. Ahlrichs, M. Baer, M. Haeser, H. Horn, and
              C. Koelmel
              Electronic structure calculations on workstation
              computers: the program system TURBOMOLE
              Chem. Phys. Lett. 162: 165 (1989)
          Density Functional:                              
              O. Treutler and R. Ahlrichs                      
              Efficient Molecular Numerical Integration Schemes
              J. Chem. Phys. 102: 346 (1995)                   
          Parallel Version:                                
              Performance of parallel TURBOMOLE for Density    
              Functional Calculations                          
              M. v. Arnim and R. Ahlrichs                      
              J. Comp. Chem. 19: 1746 (1998)                   
                                         




              +--------------------------------------------------+
              | Atomic coordinate, charge and isotop information |
              +--------------------------------------------------+

                    atomic coordinates            atom    charge  isotop
          0.00000000    0.00000000    0.04208329    h      1.000     0
          0.00000000    0.00000000    1.84764284    f      9.000     0
 
       center of nuclear mass  :    0.00000000    0.00000000    1.75667432
       center of nuclear charge:    0.00000000    0.00000000    1.66708688

              +--------------------------------------------------+
              |               basis set information              |
              +--------------------------------------------------+

              we will work with the 1s 3p 5d 7f 9g ... basis set
              ...i.e. with spherical basis functions...

   type   atoms  prim   cont   basis
   ---------------------------------------------------------------------------
    h        1      3      1   sto-3g hondo   [1s|3s]
    f        1     15      5   sto-3g hondo   [2s1p|6s3p]
   ---------------------------------------------------------------------------
   total:    2     18      6
   ---------------------------------------------------------------------------

   total number of primitive shells          :   12
   total number of contracted shells         :    4
   total number of cartesian basis functions :    6
   total number of SCF-basis functions       :    6


 integral neglect threshold       :  0.56E-10
 integral storage threshold THIZE :  0.10E-04
 integral storage threshold THIME :         5


 DENSITY CONVERGENCE CHECK SWITCHED ON !
 SCF CONVERGENCE IF RMS(delta[D]) <     0.1000000000E-06


 symmetry group of the molecule :   c1 

 the group has the following generators :
   c1(z)

    1 symmetry operations found

 there are 1 real representations :   a   

 maximum number of shells which are related by symmetry :  1


    mo occupation :
   irrep   mo's   occupied
    a        6        5
 
 number of basis functions   :                      6
 number of occupied orbitals :                      5
 

 automatic virtual orbital shift switched on 
      shift if e(lumo)-e(homo) < 0.10000000    


          ------------------------
          nuclear repulsion energy  :   4.98460435249    
          ------------------------


         -----------------
         -S,T+V- integrals
         -----------------

 1e-integrals will be neglected if expon. factor < 0.556994E-11
 
   Difference densities algorithm switched on.
   The maximal number of linear combinations of
   difference densities is                    20 .

 DIIS switched on: error vector is FDS-SDF
 Max. Iterations for DIIS is     :   5
 DIIS matrix (see manual) 
    Scaling factor of diagonals  :  1.200
    threshold for scaling factor :  0.000

 scf convergence criterion : increment of total energy < .1000000D-07
                  and increment of one-electron energy < .1000000D-04

  MOs are in ASCII format !


 reading orbital data $scfmo  from file mos
 orbital characterization : scfconv=8

 DSCF restart information will be dumped onto file mos

 
                                              current damping :  0.300
 ITERATION  ENERGY          1e-ENERGY        2e-ENERGY     RMS[dD(SAO)]   TOL
   1  -98.572847397923    -149.38839415     45.830942397    0.000D+00 0.556D-10
          max. resid. norm for Fia-block=  3.695D-08 for orbital      2a         
          max. resid. fock norm         =  4.070D-08 for orbital      6a         
          Delta Eig. =     0.0000000740 eV 
 
                                              current damping :  0.300
 ITERATION  ENERGY          1e-ENERGY        2e-ENERGY     RMS[dD(SAO)]   TOL
   2  -98.572847397892    -149.38839414     45.830942386    0.133D-07 0.352D-10
          Norm of current diis error: 0.22199E-07
          max. resid. norm for Fia-block=  1.834D-08 for orbital      2a         
          max. resid. fock norm         =  2.021D-08 for orbital      6a         
          Delta Eig. =     0.0000000777 eV 

 ENERGY & DENSITY CONVERGED !

 
                                              current damping :  0.150
 ITERATION  ENERGY          1e-ENERGY        2e-ENERGY     RMS[dD(SAO)]   TOL
   3  -98.572847397925    -149.38839413     45.830942381    0.665D-08 0.266D-10
          max. resid. norm for Fia-block=  4.020D-09 for orbital      2a         
          max. resid. fock norm         =  4.412D-09 for orbital      6a         

 convergence criteria satisfied after     3 iterations


                  ------------------------------------------ 
                 |  total energy      =    -98.57284739793  |
                  ------------------------------------------ 
                 :  kinetic energy    =     97.72573952081  :
                 :  potential energy  =   -196.29858691873  :
                 :  virial theorem    =      1.99140627567  :
                 :  wavefunction norm =      1.00000000000  :
                  .......................................... 


 orbitals $scfmo  will be written to file mos

    irrep                  1a          2a          3a          4a          5a   
 eigenvalues H        -25.90351    -1.45986    -0.57365    -0.46312    -0.46312
            eV        -704.8758    -39.7250    -15.6100    -12.6022    -12.6022
 occupation              2.0000      2.0000      2.0000      2.0000      2.0000

    irrep                  6a   
 eigenvalues H          0.58982
            eV          16.0500
 
 
 
 
 ==============================================================================
                           electrostatic moments
 ==============================================================================

 reference point for electrostatic moments:    0.00000   0.00000   0.00000

 
              nuc           elec       ->  total
 ------------------------------------------------------------------------------
                          charge      
 ------------------------------------------------------------------------------
          10.000000     -10.000000      -0.000000
 
 ------------------------------------------------------------------------------
                       dipole moment  
 ------------------------------------------------------------------------------
   x       0.000000      -0.000000      -0.000000
   y       0.000000       0.000000       0.000000
   z      16.670869     -17.163441      -0.492572
 
   | dipole moment | =     0.4926 a.u. =     1.2520 debye 
 
 ------------------------------------------------------------------------------
                     quadrupole moment
 ------------------------------------------------------------------------------
  xx       0.000000      -3.450078      -3.450078
  yy       0.000000      -3.450078      -3.450078
  zz      30.725828     -34.950485      -4.224657
  xy       0.000000      -0.000000      -0.000000
  xz       0.000000      -0.000000      -0.000000
  yz       0.000000       0.000000       0.000000
 
     1/3  trace=      -3.708271
     anisotropy=       0.774579
 
 ==============================================================================
 
HOMO-LUMO Separation
 HOMO         :   -0.46311951 H =    -12.60213 eV
 LUMO         :    0.00000000 H =     +0.00000 eV
 HOMO-LUMO gap:    0.46311951 H =    +12.60213 eV
 
 ==============================================================================


    ------------------------------------------------------------------------
         total  cpu-time :   0.02 seconds
         total wall-time :   0.02 seconds
    ------------------------------------------------------------------------

   ****  dscf : all done  ****


    2024-01-10 14:29:26.988 


  ========================================================================
                license information 
    WARNING: License file not found!
             Please copy license.txt to $TURBODIR/LICENSE/
 No valid license file found, switching to DEMO mode
  ========================================================================

   OpenMP run-time library returned nthreads =  1

 egrad (dachshoehle) : TURBOMOLE rev. V7.4.1 (2bfdd732) compiled 4 Nov 2019 at 15:12:03
 Copyright (C) 2019 TURBOMOLE GmbH, Karlsruhe


    2024-01-10 14:29:26.995 




                               e g r a d

                             TURBOMOLE GmbH


             integral direct evaluation of excited state
                     and polarizability gradients
                 and first-order nonadiabatic couplings



          references (see also programs escf, dscf and ridft) 

          review 
          F. Furche and D. Rappoport,  
          "Density functional methods for excited states: 
          equilibrium structure and electronic spectra",
          ch. III of "Computational Photochemistry", ed. by 
          M. Olivucci, vol. 16 of "Theoretical and Computational 
          Chemistry", Elsevier, Amsterdam, 2005.

          nonorthonormal Krylov space methods 
          F. Furche, B. T. Krull, B. D. Nguyen, J. Kwon, 
          J. Chem. Phys. 144 (2016), 174105.

          RI-J method 
          D. Rappoport and F. Furche, 
          J. Chem. Phys. 122 (2005), 064105.

          Lagrangian method, implementation, benchmarks 
          F. Furche and R. Ahlrichs,
          J. Chem. Phys. 117 (2002), 7433;
          J. Chem. Phys. 121 (2004), 12772 (E).

          Polarizability derivatives, Raman intensities 
          D. Rappoport and F. Furche, 
          J. Chem. Phys. 126 (2007), 201104.

          First-order nonadiabatic couplings 
          R. Send and F. Furche, 
          J. Chem. Phys. 132 (2010), 044107.
                                     




              +--------------------------------------------------+
              | Atomic coordinate, charge and isotop information |
              +--------------------------------------------------+

                    atomic coordinates            atom    charge  isotop
          0.00000000    0.00000000    0.04208329    h      1.000     0
          0.00000000    0.00000000    1.84764284    f      9.000     0
 
       center of nuclear mass  :    0.00000000    0.00000000    1.75667432
       center of nuclear charge:    0.00000000    0.00000000    1.66708688

              +--------------------------------------------------+
              |               basis set information              |
              +--------------------------------------------------+

              we will work with the 1s 3p 5d 7f 9g ... basis set
              ...i.e. with spherical basis functions...

   type   atoms  prim   cont   basis
   ---------------------------------------------------------------------------
    h        1      3      1   sto-3g hondo   [1s|3s]
    f        1     15      5   sto-3g hondo   [2s1p|6s3p]
   ---------------------------------------------------------------------------
   total:    2     18      6
   ---------------------------------------------------------------------------

   total number of primitive shells          :   12
   total number of contracted shells         :    4
   total number of cartesian basis functions :    6
   total number of SCF-basis functions       :    6


 residuum convergence criterium   :  0.10E-04


 integral neglect threshold       :  0.33E-10
 integral storage threshold THIZE :  0.10E-04
 integral storage threshold THIME :         5

 CI SINGLES SINGLET-CALCULATION (TAMM-DANCOFF-APPROXIMATION)

 symmetry group of the molecule :   c1 

 the group has the following generators :
   c1(z)

    1 symmetry operations found

 there are 1 real representations :   a   

 maximum number of shells which are related by symmetry :  1

 IRREP of excited state :   a   
 

 determining totally symmetric integral contributions 
    - equivalent to irreducible tensor elements - 
 which can be formed within each triple of representations :

             representation triple      contributions

              a     a     a               1

    mo occupation :
   irrep   mo's   occupied
    a        6        5
 
 number of basis functions   :                      6
 number of occupied orbitals :                      5
 

 biggest AO integral is expected to be     5.403501141
  MOs are in ASCII format !


 reading orbital data $scfmo  from file mos
 orbital characterization : scfconv=8

 number of non-frozen orbitals          :     6
 number of non-frozen occupied orbitals :     5



                        -------------------
                         excitation vector 
                        -------------------


 dimension of super-tensorspace: 1

          IRREP   tensor space dimension   number of roots

           a                 5                   2

 maximum number of Davidson iterations set to   25


 machine precision:  2.22D-16


 logfile ciss_a    exists already

 found      2 converged vectors on ciss_a   
 read       2 vectors from logfile ciss_a   



                       Nonorthonormal Krylov Space Iteration


 total number of roots to be determined: 2


 maximum core memory set to   220 MB,
 corresponding to   600746 vectors in CAO basis


 maximum number of simultaneously treated vectors (including degeneracy):        2


 Iteration IRREP Converged      Max. Euclidean
                 roots          residual norm

    1       a        2        1.534323319786776D-15
 

 converged!

 Eigenpairs written on logfile ciss_a   



 IRREP   Vector     Eigenvalue           Euclidean residual norm

  a         1    4.656665114134131D-01    1.335193814098441D-15
            2    4.656665114134232D-01    1.534323319786776D-15
 




                    Selection rules for point group c1  


 Subduction with respect to c1  :

    Polar vector representation: a                           

    Axial vector representation: a                           

    Symmetric second rank tensor representation: a                           




                            Ground state


 Total energy:                           -98.57284739793000    

 Charge:

               elec          nuc         total

           -10.000000    10.000000    -0.000000


 Electric dipole moment:

               elec          nuc         total   

    x       -0.000000     0.000000    -0.000000    Norm:              0.492572
    y        0.000000     0.000000     0.000000
    z      -17.163441    16.670869    -0.492572    Norm / debye:      1.252003


 Electric quadrupole moment:

               elec          nuc         total   

   xx       -3.450078     0.000000    -3.450078
   yy       -3.450078     0.000000    -3.450078    1/3*trace:        -3.708271
   zz      -34.950485    30.725828    -4.224657
   xy        0.000000     0.000000     0.000000
   xz       -0.000000     0.000000    -0.000000    Anisotropy:        0.774579
   yz        0.000000     0.000000     0.000000



 ==============================================================================

                              I R R E P   a   

 ==============================================================================


 Excitation is electric dipole allowed

 Excitation is magnetic dipole allowed

 Excitation is electric quadrupole allowed




                         1 singlet a excitation


 Total energy:                           -98.10718088651659    

 Excitation energy:                      0.4656665114134131    

 Excitation energy / eV:                  12.67143592517221    

 Excitation energy / nm:                  97.84545708838702    

 Excitation energy / cm^(-1):             102201.9856218162    


 Oscillator strength:

    velocity representation:             0.2509897573406263E-01

    length representation:               0.2068732498716229E-03

    mixed representation:                0.2278663353493564E-02


 Rotatory strength:

    velocity representation:            -0.5436890734388153E-19

    velocity rep. / 10^(-40)erg*cm^3:   -0.3512493277159884E-14

    length representation:              -0.1265888970609209E-19

    length rep. / 10^(-40)erg*cm^3:     -0.8178252453690476E-15


 Dominant contributions:

      occ. orbital   energy / eV   virt. orbital     energy / eV   |coeff.|^2*100
        5 a             -12.60           6 a              16.05      100.0
 

 Change of electron number:

            -0.000000


 Electric transition dipole moment (velocity rep.):

    x        0.240396        Norm:                  0.284339
    y       -0.151850
    z       -0.000000        Norm / debye:          0.722723


 Electric transition dipole moment (length rep.):

    x       -0.021825        Norm:                  0.025814
    y        0.013786
    z       -0.000000        Norm / debye:          0.065614


 Magnetic transition dipole moment / i:

    x       -0.000798        Norm:                  0.001494
    y       -0.001263
    z       -0.000000        Norm / Bohr mag.:      0.409337


 Electric quadrupole transition moment:

   xx        0.000000
   yy        0.000000        1/3*trace:            -0.000000
   zz       -0.000000
   xy        0.000000
   xz        0.015196        Anisotropy:            0.031132
   yz       -0.009599




                         2 singlet a excitation


 Total energy:                           -98.10718088651659    

 Excitation energy:                      0.4656665114134232    

 Excitation energy / eV:                  12.67143592517249    

 Excitation energy / nm:                  97.84545708838489    

 Excitation energy / cm^(-1):             102201.9856218184    


 Oscillator strength:

    velocity representation:             0.2509897573406211E-01

    length representation:               0.2068732498716277E-03

    mixed representation:                0.2278663353493568E-02


 Rotatory strength:

    velocity representation:            -0.1087378146877616E-18

    velocity rep. / 10^(-40)erg*cm^3:   -0.7024986554319673E-14

    length representation:              -0.6645917095698474E-19

    length rep. / 10^(-40)erg*cm^3:     -0.4293582538187581E-14


 Dominant contributions:

      occ. orbital   energy / eV   virt. orbital     energy / eV   |coeff.|^2*100
        4 a             -12.60           6 a              16.05      100.0
 

 Change of electron number:

             0.000000


 Electric transition dipole moment (velocity rep.):

    x        0.151850        Norm:                  0.284339
    y        0.240396
    z       -0.000000        Norm / debye:          0.722723


 Electric transition dipole moment (length rep.):

    x       -0.013786        Norm:                  0.025814
    y       -0.021825
    z       -0.000000        Norm / debye:          0.065614


 Magnetic transition dipole moment / i:

    x        0.001263        Norm:                  0.001494
    y       -0.000798
    z        0.000000        Norm / Bohr mag.:      0.409337


 Electric quadrupole transition moment:

   xx        0.000000
   yy        0.000000        1/3*trace:            -0.000000
   zz       -0.000000
   xy       -0.000000
   xz        0.009599        Anisotropy:            0.031132
   yz        0.015196

 SUMMARY OF EXCITATION ENERGIES AND DIPOLE OSCILLATOR STRENGTHS (velocity/length):

 -----------------------------------------------------------------------------------------------
 |    Exc.   | energy (Eh) | energy (eV) | energy (cm-1) | energy (nm) | Osc.(vel) | Osc.(len) |
 -----------------------------------------------------------------------------------------------
 |     1 a   |    0.465667 |    12.67143 |    102201.986 |      97.845 |   0.02510 |   0.00021 |
 |     2 a   |    0.465667 |    12.67143 |    102201.986 |      97.845 |   0.02510 |   0.00021 |
 -----------------------------------------------------------------------------------------------



          IRREP   tensor space dimension   number of roots

           a                 5                   2
 

 Data group $exopt missing or empty
 Default state chosen:   2

 

 Excited state no.    2 chosen for optimization


          IRREP   tensor space dimension   number of roots

           a                 5                   1

                       ----------------------
                        CPKS right-hand side 
                       ----------------------


          IRREP   tensor space dimension   number of roots

           a                 5                   1

                          ----------------
                           CPKS equations 
                          ----------------


 logfile dipl_a    will be constructed


                       Nonorthonormal Krylov Space Iteration


 total number of roots to be determined: 1


 maximum core memory set to   220 MB,
 corresponding to   600746 vectors in CAO basis


 maximum number of simultaneously treated vectors (including degeneracy):        1


 Iteration IRREP Converged      Max. Euclidean
                 roots          residual norm

    1       a        0        7.360580005814164D-03
 
    2       a        0        5.983589608127890D-04
 
    3       a        1        3.818125592325288D-17
 

 converged!

 Eigenpairs written on logfile dipl_a   



 IRREP   Vector     Frequency            Euclidean residual norm

  a         1    0.000000000000000D+00    3.818125592325288D-17
 

                          -------------------
                           relaxed densities 
                          -------------------


    ----------------------------------------
     S+T+V CONTRIBUTIONS TO ENERGY GRADIENT 
    ----------------------------------------

 1e-integral 1st. derivatives will be neglected if expon. factor < 0.100000E-11


    -----------------------------------------------
     TWO ELECTRON CONTRIBUTIONS TO ENERGY GRADIENT 
    -----------------------------------------------

 biggest 1-particle AO density matrix element is expected to be    2.1311703557

 core memory to be involved in 2e-gradient :
   symmetry shell pair data              :         1
   two particle density+dens. estimates  :        91
   derivative integrals                  :       596
   derivative integral bound             :        30
   totally                               :       624


 setting up bound for integral derivative estimation

 increment for numerical differentiation : 0.00050000

 biggest AO integral is expected to be     5.403501141
 biggest cartesian 1st derivative AO integral is expected to be    10.344904795

 2e-integral 1st. derivatives will be neglected if expon. factor < 0.100000E-07
 outer boundary for 2e-integral derivative neglection is 0.366955E-09


          ------------------------------------------------
           cartesian gradient of the energy (hartree/bohr)
          ------------------------------------------------

  ATOM      1 h           2 f 
dE/dx  0.0000000D+00  0.0000000D+00
dE/dy  0.0000000D+00  0.0000000D+00
dE/dz  0.5035731D+00 -0.5035731D+00
 
 resulting FORCE  (fx,fy,fz) = (0.000D+00,0.000D+00,-.335D-11)
 resulting MOMENT (mx,my,mz) = (0.000D+00,0.000D+00,0.000D+00)


 **********************************************************************
  |maximum component of gradient| : 0.50357306      (atom  2 f )       
   gradient norm                  : 0.71215985    
 **********************************************************************

 exx =       0.000000 eyy =       0.000000 ezz =      -0.909231
 eyz =       0.000000 exz =       0.000000 exy =       0.000000


 <getgrd> : data group $grad  is missing 

   ***  cartesian gradients written onto <gradient>  ***
 
 
 
 ==============================================================================
                           electrostatic moments
 ==============================================================================

 reference point for electrostatic moments:    0.00000   0.00000   0.00000

 
              nuc           gs,e       ->  gs,tot          excit     ->  total
 ------------------------------------------------------------------------------
                          charge      
 ------------------------------------------------------------------------------
          10.000000     -10.000000      -0.000000       0.000000      -0.000000
 
 ------------------------------------------------------------------------------
                       dipole moment  
 ------------------------------------------------------------------------------
   x       0.000000      -0.000000      -0.000000      -0.000000      -0.000000
   y       0.000000       0.000000       0.000000      -0.000000      -0.000000
   z      16.670869     -17.163441      -0.492572       0.942013       0.449441
 
   | dipole moment | =     0.4494 a.u. =     1.1424 debye 
 
 ------------------------------------------------------------------------------
                     quadrupole moment
 ------------------------------------------------------------------------------
  xx       0.000000      -3.450078      -3.450078      -0.054562      -3.504640
  yy       0.000000      -3.450078      -3.450078       0.144164      -3.305914
  zz      30.725828     -34.950485      -4.224657       1.121272      -3.103386
  xy       0.000000       0.000000       0.000000       0.208869       0.208869
  xz       0.000000      -0.000000      -0.000000      -0.000000      -0.000000
  yz       0.000000       0.000000       0.000000      -0.000000      -0.000000
 
     1/3  trace=      -3.304647
     anisotropy=       0.501634
 
 ==============================================================================
 


    ------------------------------------------------------------------------
         total  cpu-time :   0.02 seconds
         total wall-time :   0.02 seconds
    ------------------------------------------------------------------------

   ****  egrad : all done  ****


    2024-01-10 14:29:27.007 

