
  ========================================================================
                license information 
    WARNING: License file not found!
             Please copy license.txt to $TURBODIR/LICENSE/
 No valid license file found, switching to DEMO mode
  ========================================================================

 dscf (dachshoehle) : TURBOMOLE rev. V7.4.1 (2bfdd732) compiled 4 Nov 2019 at 15:12:03
 Copyright (C) 2019 TURBOMOLE GmbH, Karlsruhe


    2024-01-11 10:05:09.957 



                             d s c f - program

                   idea & directorship : reinhart ahlrichs
                   program development : marco haeser
                                         michael baer
                           dft version : oliver treutler


                          quantum chemistry group
                          universitaet  karlsruhe
                                  germany




                          References             
                                                 
          TURBOMOLE:                             
              R. Ahlrichs, M. Baer, M. Haeser, H. Horn, and
              C. Koelmel
              Electronic structure calculations on workstation
              computers: the program system TURBOMOLE
              Chem. Phys. Lett. 162: 165 (1989)
          Density Functional:                              
              O. Treutler and R. Ahlrichs                      
              Efficient Molecular Numerical Integration Schemes
              J. Chem. Phys. 102: 346 (1995)                   
          Parallel Version:                                
              Performance of parallel TURBOMOLE for Density    
              Functional Calculations                          
              M. v. Arnim and R. Ahlrichs                      
              J. Comp. Chem. 19: 1746 (1998)                   
                                         




              +--------------------------------------------------+
              | Atomic coordinate, charge and isotop information |
              +--------------------------------------------------+

                    atomic coordinates            atom    charge  isotop
          0.00000000    0.00000000    0.04208329    h      1.000     0
          0.00000000    0.00000000    1.84764284    f      9.000     0
 
       center of nuclear mass  :    0.00000000    0.00000000    1.75667432
       center of nuclear charge:    0.00000000    0.00000000    1.66708688

              +--------------------------------------------------+
              |               basis set information              |
              +--------------------------------------------------+

              we will work with the 1s 3p 5d 7f 9g ... basis set
              ...i.e. with spherical basis functions...

   type   atoms  prim   cont   basis
   ---------------------------------------------------------------------------
    h        1      3      1   sto-3g hondo   [1s|3s]
    f        1     15      5   sto-3g hondo   [2s1p|6s3p]
   ---------------------------------------------------------------------------
   total:    2     18      6
   ---------------------------------------------------------------------------

   total number of primitive shells          :   12
   total number of contracted shells         :    4
   total number of cartesian basis functions :    6
   total number of SCF-basis functions       :    6


 integral neglect threshold       :  0.56E-10
 integral storage threshold THIZE :  0.10E-04
 integral storage threshold THIME :         5


 DENSITY CONVERGENCE CHECK SWITCHED ON !
 SCF CONVERGENCE IF RMS(delta[D]) <     0.1000000000E-06


 symmetry group of the molecule :   c1 

 the group has the following generators :
   c1(z)

    1 symmetry operations found

 there are 1 real representations :   a   

 maximum number of shells which are related by symmetry :  1


    mo occupation :
   irrep   mo's   occupied
    a        6        5
 
 number of basis functions   :                      6
 number of occupied orbitals :                      5
 

 automatic virtual orbital shift switched on 
      shift if e(lumo)-e(homo) < 0.10000000    


          ------------------------
          nuclear repulsion energy  :   4.98460437076    
          ------------------------


         -----------------
         -S,T+V- integrals
         -----------------

 1e-integrals will be neglected if expon. factor < 0.556994E-11
 
   Difference densities algorithm switched on.
   The maximal number of linear combinations of
   difference densities is                    20 .

 DIIS switched on: error vector is FDS-SDF
 Max. Iterations for DIIS is     :   5
 DIIS matrix (see manual) 
    Scaling factor of diagonals  :  1.200
    threshold for scaling factor :  0.000

 scf convergence criterion : increment of total energy < .1000000D-07
                  and increment of one-electron energy < .1000000D-04

  MOs are in ASCII format !


 reading orbital data $scfmo  from file mos
 orbital characterization : expanded
 mo provided and orthogonalized by Cholesky decomposition

 DSCF restart information will be dumped onto file mos

 
                                              current damping :  1.000
 ITERATION  ENERGY          1e-ENERGY        2e-ENERGY     RMS[dD(SAO)]   TOL
   1  -98.437223148645    -151.20855155     47.786724030    0.000D+00 0.556D-10
          max. resid. norm for Fia-block=  2.399D-01 for orbital      3a         
          max. resid. fock norm         =  3.217D-01 for orbital      6a         
          Delta Eig. =    19.9902145833 eV 
 
                                              current damping :  0.950
 ITERATION  ENERGY          1e-ENERGY        2e-ENERGY     RMS[dD(SAO)]   TOL
   2  -98.495736958029    -150.79379237     47.313451038    0.402D-01 0.354D-10
          Norm of current diis error: 0.36285    
          max. resid. norm for Fia-block=  1.935D-01 for orbital      3a         
          max. resid. fock norm         =  2.285D-01 for orbital      6a         
          Delta Eig. =     9.7716792183 eV 
 
                                              current damping :  0.850
 ITERATION  ENERGY          1e-ENERGY        2e-ENERGY     RMS[dD(SAO)]   TOL
   3  -98.539998126524    -150.31760834     46.793005843    0.430D-01 0.229D-10
          Norm of current diis error: 0.22591    
          max. resid. norm for Fia-block=  1.358D-01 for orbital      3a         
          max. resid. fock norm         =  1.499D-01 for orbital      6a         
          Delta Eig. =     4.7159433314 eV 
 
                                              current damping :  0.700
 ITERATION  ENERGY          1e-ENERGY        2e-ENERGY     RMS[dD(SAO)]   TOL
   4  -98.562925821219    -149.89924505     46.351714853    0.366D-01 0.179D-10
          Norm of current diis error: 0.12072    
          max. resid. norm for Fia-block=  7.771D-02 for orbital      3a         
          max. resid. fock norm         =  8.295D-02 for orbital      6a         
          Delta Eig. =     2.2716790394 eV 
 
                                              current damping :  0.550
 ITERATION  ENERGY          1e-ENERGY        2e-ENERGY     RMS[dD(SAO)]   TOL
   5  -98.570761445665    -149.61926471     46.063898891    0.246D-01 0.157D-10
          Norm of current diis error: 0.53865E-01
          max. resid. norm for Fia-block=  3.614D-02 for orbital      3a         
          max. resid. fock norm         =  3.810D-02 for orbital      6a         
 mo-orthogonalization: Cholesky decomposition
          Delta Eig. =     1.0311952576 eV 
 
                                              current damping :  0.400
 ITERATION  ENERGY          1e-ENERGY        2e-ENERGY     RMS[dD(SAO)]   TOL
   6  -98.572541638007    -149.47393273     45.916786723    0.131D-01 0.146D-10
          Norm of current diis error: 0.19966E-01
          max. resid. norm for Fia-block=  1.382D-02 for orbital      3a         
          max. resid. fock norm         =  1.482D-02 for orbital      3a         
          Delta Eig. =     0.4348646984 eV 
 
                                              current damping :  0.250
 ITERATION  ENERGY          1e-ENERGY        2e-ENERGY     RMS[dD(SAO)]   TOL
   7  -98.572817933181    -149.41332333     45.855901025    0.574D-02 0.138D-10
          Norm of current diis error: 0.59436E-02
          max. resid. norm for Fia-block=  4.216D-03 for orbital      3a         
          max. resid. fock norm         =  4.702D-03 for orbital      3a         
          Delta Eig. =     0.1701550967 eV 
 
                                              current damping :  0.100
 ITERATION  ENERGY          1e-ENERGY        2e-ENERGY     RMS[dD(SAO)]   TOL
   8  -98.572845792983    -149.39347591     45.836025744    0.204D-02 0.134D-10
          Norm of current diis error: 0.13152E-02
          max. resid. norm for Fia-block=  9.365D-04 for orbital      3a         
          max. resid. fock norm         =  1.098D-03 for orbital      3a         
          Delta Eig. =     0.0463903580 eV 
 
                                              current damping :  0.100
 ITERATION  ENERGY          1e-ENERGY        2e-ENERGY     RMS[dD(SAO)]   TOL
   9  -98.572847362686    -149.38888421     45.831432472    0.547D-03 0.131D-10
          Norm of current diis error: 0.19055E-03
          max. resid. norm for Fia-block=  1.180D-04 for orbital      2a         
          max. resid. fock norm         =  1.722D-04 for orbital      6a         
          Delta Eig. =     0.0052191782 eV 
 
                                              current damping :  0.100
 ITERATION  ENERGY          1e-ENERGY        2e-ENERGY     RMS[dD(SAO)]   TOL
  10  -98.572847396836    -149.38844117     45.830989398    0.799D-04 0.129D-10
          Norm of current diis error: 0.34863E-04
          max. resid. norm for Fia-block=  2.702D-05 for orbital      2a         
          max. resid. fock norm         =  3.264D-05 for orbital      6a         
 mo-orthogonalization: Cholesky decomposition
          Delta Eig. =     0.0003181363 eV 
 
                                              current damping :  0.100
 ITERATION  ENERGY          1e-ENERGY        2e-ENERGY     RMS[dD(SAO)]   TOL
  11  -98.572847397816    -149.38839810     45.830946335    0.138D-04 0.128D-10
          Norm of current diis error: 0.52629E-05
          max. resid. norm for Fia-block=  4.371D-06 for orbital      2a         
          max. resid. fock norm         =  4.976D-06 for orbital      6a         
          Delta Eig. =     0.0000507479 eV 
 
                                              current damping :  0.100
 ITERATION  ENERGY          1e-ENERGY        2e-ENERGY     RMS[dD(SAO)]   TOL
  12  -98.572847397827    -149.38839443     45.830942659    0.201D-05 0.127D-10
          Norm of current diis error: 0.63814E-06
          max. resid. norm for Fia-block=  5.421D-07 for orbital      2a         
          max. resid. fock norm         =  6.010D-07 for orbital      6a         
          Delta Eig. =     0.0000108001 eV 

 ENERGY & DENSITY CONVERGED !

 
                                              current damping :  0.100
 ITERATION  ENERGY          1e-ENERGY        2e-ENERGY     RMS[dD(SAO)]   TOL
  13  -98.572847397923    -149.38839417     45.830942402    0.236D-06 0.158D-10
          max. resid. norm for Fia-block=  4.689D-08 for orbital      2a         
          max. resid. fock norm         =  5.068D-08 for orbital      6a         

 convergence criteria satisfied after    13 iterations


                  ------------------------------------------ 
                 |  total energy      =    -98.57284739792  |
                  ------------------------------------------ 
                 :  kinetic energy    =     97.72573944875  :
                 :  potential energy  =   -196.29858684667  :
                 :  virial theorem    =      1.99140627494  :
                 :  wavefunction norm =      1.00000000000  :
                  .......................................... 


 orbitals $scfmo  will be written to file mos

    irrep                  1a          2a          3a          4a          5a   
 eigenvalues H        -25.90351    -1.45986    -0.57365    -0.46312    -0.46312
            eV        -704.8758    -39.7250    -15.6100    -12.6022    -12.6022
 occupation              2.0000      2.0000      2.0000      2.0000      2.0000

    irrep                  6a   
 eigenvalues H          0.58982
            eV          16.0500
 
 
 
 
 ==============================================================================
                           electrostatic moments
 ==============================================================================

 reference point for electrostatic moments:    0.00000   0.00000   0.00000

 
              nuc           elec       ->  total
 ------------------------------------------------------------------------------
                          charge      
 ------------------------------------------------------------------------------
          10.000000     -10.000000      -0.000000
 
 ------------------------------------------------------------------------------
                       dipole moment  
 ------------------------------------------------------------------------------
   x       0.000000      -0.000000      -0.000000
   y       0.000000       0.000000       0.000000
   z      16.670869     -17.163441      -0.492572
 
   | dipole moment | =     0.4926 a.u. =     1.2520 debye 
 
 ------------------------------------------------------------------------------
                     quadrupole moment
 ------------------------------------------------------------------------------
  xx       0.000000      -3.450078      -3.450078
  yy       0.000000      -3.450078      -3.450078
  zz      30.725828     -34.950485      -4.224657
  xy       0.000000       0.000000       0.000000
  xz       0.000000      -0.000000      -0.000000
  yz       0.000000       0.000000       0.000000
 
     1/3  trace=      -3.708271
     anisotropy=       0.774580
 
 ==============================================================================
 
HOMO-LUMO Separation
 HOMO         :   -0.46311951 H =    -12.60213 eV
 LUMO         :    0.00000000 H =     +0.00000 eV
 HOMO-LUMO gap:    0.46311951 H =    +12.60213 eV
 
 ==============================================================================


    ------------------------------------------------------------------------
         total  cpu-time :   0.03 seconds
         total wall-time :   0.04 seconds
    ------------------------------------------------------------------------

   ****  dscf : all done  ****


    2024-01-11 10:05:09.990 


  ========================================================================
                license information 
    WARNING: License file not found!
             Please copy license.txt to $TURBODIR/LICENSE/
 No valid license file found, switching to DEMO mode
  ========================================================================

 egrad (dachshoehle) : TURBOMOLE rev. V7.4.1 (2bfdd732) compiled 4 Nov 2019 at 15:12:03
 Copyright (C) 2019 TURBOMOLE GmbH, Karlsruhe


    2024-01-11 10:05:19.787 




                               e g r a d

                             TURBOMOLE GmbH


             integral direct evaluation of excited state
                     and polarizability gradients
                 and first-order nonadiabatic couplings



          references (see also programs escf, dscf and ridft) 

          review 
          F. Furche and D. Rappoport,  
          "Density functional methods for excited states: 
          equilibrium structure and electronic spectra",
          ch. III of "Computational Photochemistry", ed. by 
          M. Olivucci, vol. 16 of "Theoretical and Computational 
          Chemistry", Elsevier, Amsterdam, 2005.

          nonorthonormal Krylov space methods 
          F. Furche, B. T. Krull, B. D. Nguyen, J. Kwon, 
          J. Chem. Phys. 144 (2016), 174105.

          RI-J method 
          D. Rappoport and F. Furche, 
          J. Chem. Phys. 122 (2005), 064105.

          Lagrangian method, implementation, benchmarks 
          F. Furche and R. Ahlrichs,
          J. Chem. Phys. 117 (2002), 7433;
          J. Chem. Phys. 121 (2004), 12772 (E).

          Polarizability derivatives, Raman intensities 
          D. Rappoport and F. Furche, 
          J. Chem. Phys. 126 (2007), 201104.

          First-order nonadiabatic couplings 
          R. Send and F. Furche, 
          J. Chem. Phys. 132 (2010), 044107.
                                     




              +--------------------------------------------------+
              | Atomic coordinate, charge and isotop information |
              +--------------------------------------------------+

                    atomic coordinates            atom    charge  isotop
          0.00000000    0.00000000    0.04208329    h      1.000     0
          0.00000000    0.00000000    1.84764284    f      9.000     0
 
       center of nuclear mass  :    0.00000000    0.00000000    1.75667432
       center of nuclear charge:    0.00000000    0.00000000    1.66708688

              +--------------------------------------------------+
              |               basis set information              |
              +--------------------------------------------------+

              we will work with the 1s 3p 5d 7f 9g ... basis set
              ...i.e. with spherical basis functions...

   type   atoms  prim   cont   basis
   ---------------------------------------------------------------------------
    h        1      3      1   sto-3g hondo   [1s|3s]
    f        1     15      5   sto-3g hondo   [2s1p|6s3p]
   ---------------------------------------------------------------------------
   total:    2     18      6
   ---------------------------------------------------------------------------

   total number of primitive shells          :   12
   total number of contracted shells         :    4
   total number of cartesian basis functions :    6
   total number of SCF-basis functions       :    6


 residuum convergence criterium   :  0.10E-04


 integral neglect threshold       :  0.33E-10
 integral storage threshold THIZE :  0.10E-04
 integral storage threshold THIME :         5

 RPA SINGLET-EXCITATION-CALCULATION 

 symmetry group of the molecule :   c1 

 the group has the following generators :
   c1(z)

    1 symmetry operations found

 there are 1 real representations :   a   

 maximum number of shells which are related by symmetry :  1

 IRREP of excited state :   a   
 

 determining totally symmetric integral contributions 
    - equivalent to irreducible tensor elements - 
 which can be formed within each triple of representations :

             representation triple      contributions

              a     a     a               1

    mo occupation :
   irrep   mo's   occupied
    a        6        5
 
 number of basis functions   :                      6
 number of occupied orbitals :                      5
 

 biggest AO integral is expected to be     5.403501141
  MOs are in ASCII format !


 reading orbital data $scfmo  from file mos
 orbital characterization : scfconv=8

 number of non-frozen orbitals          :     6
 number of non-frozen occupied orbitals :     5



                        -------------------
                         excitation vector 
                        -------------------


 dimension of super-tensorspace: 2

          IRREP   tensor space dimension   number of roots

           a                 5                   2

 maximum number of Davidson iterations set to   25


 machine precision:  2.22D-16


 logfile sing_a    exists already

 found      2 converged vectors on sing_a   
 read       2 vectors from logfile sing_a   



                       Nonorthonormal Krylov Space Iteration


 total number of roots to be determined: 2


 maximum core memory set to   220 MB,
 corresponding to   300373 vectors in CAO basis


 maximum number of simultaneously treated vectors (including degeneracy):        2


 Iteration IRREP Converged      Max. Euclidean
                 roots          residual norm

    1       a        2        5.536183233387852D-16
 

 converged!

 Eigenpairs written on logfile sing_a   



 IRREP   Vector     Eigenvalue           Euclidean residual norm

  a         1    4.646070318665722D-01    3.055998209428736D-16
            2    4.646070318665821D-01    5.536183233387852D-16
 




                    Selection rules for point group c1  


 Subduction with respect to c1  :

    Polar vector representation: a                           

    Axial vector representation: a                           

    Symmetric second rank tensor representation: a                           




                            Ground state


 Total energy:                           -98.57284739792000    

 Charge:

               elec          nuc         total

           -10.000000    10.000000     0.000000


 Electric dipole moment:

               elec          nuc         total   

    x       -0.000000     0.000000    -0.000000    Norm:              0.492572
    y        0.000000     0.000000     0.000000
    z      -17.163441    16.670869    -0.492572    Norm / debye:      1.252003


 Electric quadrupole moment:

               elec          nuc         total   

   xx       -3.450078     0.000000    -3.450078
   yy       -3.450078     0.000000    -3.450078    1/3*trace:        -3.708271
   zz      -34.950485    30.725828    -4.224657
   xy        0.000000     0.000000     0.000000
   xz       -0.000000     0.000000    -0.000000    Anisotropy:        0.774580
   yz        0.000000     0.000000     0.000000



 ==============================================================================

                              I R R E P   a   

 ==============================================================================


 Excitation is electric dipole allowed

 Excitation is magnetic dipole allowed

 Excitation is electric quadrupole allowed




                         1 singlet a excitation


 Total energy:                           -98.10824036605342    

 Excitation energy:                      0.4646070318665722    

 Excitation energy / eV:                  12.64260600748911    

 Excitation energy / nm:                  98.06858169353983    

 Excitation energy / cm^(-1):             101969.4567395391    


 Oscillator strength:

    velocity representation:             0.2691343785401060E-01

    length representation:               0.1929265860064114E-03

    mixed representation:                0.2278665768134937E-02


 Rotatory strength:

    velocity representation:            -0.1362322224787975E-18

    velocity rep. / 10^(-40)erg*cm^3:   -0.8801257721858113E-14

    length representation:               0.1265888970609256E-19

    length rep. / 10^(-40)erg*cm^3:      0.8178252453690775E-15


 Dominant contributions:

      occ. orbital   energy / eV   virt. orbital     energy / eV   |coeff.|^2*100
        4 a             -12.60           6 a              16.05      100.0
 

 Change of electron number:

             0.000000


 Electric transition dipole moment (velocity rep.):

    x        0.139525        Norm:                  0.294773
    y        0.259661
    z       -0.000000        Norm / debye:          0.749243


 Electric transition dipole moment (length rep.):

    x       -0.011813        Norm:                  0.024957
    y       -0.021985
    z       -0.000000        Norm / debye:          0.063436


 Magnetic transition dipole moment / i:

    x        0.001361        Norm:                  0.001545
    y       -0.000731
    z       -0.000000        Norm / Bohr mag.:      0.423393


 Electric quadrupole transition moment:

   xx        0.000000
   yy        0.000000        1/3*trace:            -0.000000
   zz       -0.000000
   xy        0.000000
   xz        0.008225        Anisotropy:            0.030098
   yz        0.015307




                         2 singlet a excitation


 Total energy:                           -98.10824036605342    

 Excitation energy:                      0.4646070318665821    

 Excitation energy / eV:                  12.64260600748938    

 Excitation energy / nm:                  98.06858169353774    

 Excitation energy / cm^(-1):             101969.4567395412    


 Oscillator strength:

    velocity representation:             0.2691343785401000E-01

    length representation:               0.1929265860064152E-03

    mixed representation:                0.2278665768134935E-02


 Rotatory strength:

    velocity representation:             0.5449288899150091E-19

    velocity rep. / 10^(-40)erg*cm^3:    0.3520503088742078E-14

    length representation:               0.6012972610392921E-19

    length rep. / 10^(-40)erg*cm^3:      0.3884669915502445E-14


 Dominant contributions:

      occ. orbital   energy / eV   virt. orbital     energy / eV   |coeff.|^2*100
        5 a             -12.60           6 a              16.05      100.0
 

 Change of electron number:

            -0.000000


 Electric transition dipole moment (velocity rep.):

    x        0.259661        Norm:                  0.294773
    y       -0.139525
    z       -0.000000        Norm / debye:          0.749243


 Electric transition dipole moment (length rep.):

    x       -0.021985        Norm:                  0.024957
    y        0.011813
    z       -0.000000        Norm / debye:          0.063436


 Magnetic transition dipole moment / i:

    x       -0.000731        Norm:                  0.001545
    y       -0.001361
    z        0.000000        Norm / Bohr mag.:      0.423393


 Electric quadrupole transition moment:

   xx        0.000000
   yy        0.000000        1/3*trace:            -0.000000
   zz       -0.000000
   xy        0.000000
   xz        0.015307        Anisotropy:            0.030098
   yz       -0.008225

 SUMMARY OF EXCITATION ENERGIES AND DIPOLE OSCILLATOR STRENGTHS (velocity/length):

 -----------------------------------------------------------------------------------------------
 |    Exc.   | energy (Eh) | energy (eV) | energy (cm-1) | energy (nm) | Osc.(vel) | Osc.(len) |
 -----------------------------------------------------------------------------------------------
 |     1 a   |    0.464607 |    12.64260 |    101969.457 |      98.069 |   0.02691 |   0.00019 |
 |     2 a   |    0.464607 |    12.64260 |    101969.457 |      98.069 |   0.02691 |   0.00019 |
 -----------------------------------------------------------------------------------------------



          IRREP   tensor space dimension   number of roots

           a                 5                   2
 

 Data group $exopt missing or empty
 Default state chosen:   2

 

 Excited state no.    2 chosen for optimization


          IRREP   tensor space dimension   number of roots

           a                 5                   1

                       ----------------------
                        CPKS right-hand side 
                       ----------------------


          IRREP   tensor space dimension   number of roots

           a                 5                   1

                          ----------------
                           CPKS equations 
                          ----------------


 logfile dipl_a    will be constructed


                       Nonorthonormal Krylov Space Iteration


 total number of roots to be determined: 1


 maximum core memory set to   220 MB,
 corresponding to   600746 vectors in CAO basis


 maximum number of simultaneously treated vectors (including degeneracy):        1


 Iteration IRREP Converged      Max. Euclidean
                 roots          residual norm

    1       a        0        7.667744615724497D-03
 
    2       a        0        6.086768520592877D-04
 
    3       a        1        5.154189389359513D-17
 

 converged!

 Eigenpairs written on logfile dipl_a   



 IRREP   Vector     Frequency            Euclidean residual norm

  a         1    0.000000000000000D+00    5.154189389359513D-17
 

                          -------------------
                           relaxed densities 
                          -------------------


    ----------------------------------------
     S+T+V CONTRIBUTIONS TO ENERGY GRADIENT 
    ----------------------------------------

 1e-integral 1st. derivatives will be neglected if expon. factor < 0.100000E-11


    -----------------------------------------------
     TWO ELECTRON CONTRIBUTIONS TO ENERGY GRADIENT 
    -----------------------------------------------

 biggest 1-particle AO density matrix element is expected to be    2.1311702884

 core memory to be involved in 2e-gradient :
   symmetry shell pair data              :         1
   two particle density+dens. estimates  :        91
   derivative integrals                  :       596
   derivative integral bound             :        30
   totally                               :       624


 setting up bound for integral derivative estimation

 increment for numerical differentiation : 0.00050000

 biggest AO integral is expected to be     5.403501141
 biggest cartesian 1st derivative AO integral is expected to be    10.344904795

 2e-integral 1st. derivatives will be neglected if expon. factor < 0.100000E-07
 outer boundary for 2e-integral derivative neglection is 0.366955E-09


          ------------------------------------------------
           cartesian gradient of the energy (hartree/bohr)
          ------------------------------------------------

  ATOM      1 h           2 f 
dE/dx  0.0000000D+00  0.0000000D+00
dE/dy  0.0000000D+00  0.0000000D+00
dE/dz  0.5043717D+00 -0.5043717D+00
 
 resulting FORCE  (fx,fy,fz) = (0.000D+00,0.000D+00,-.140D-11)
 resulting MOMENT (mx,my,mz) = (0.000D+00,0.000D+00,0.000D+00)


 **********************************************************************
  |maximum component of gradient| : 0.50437172      (atom  2 f )       
   gradient norm                  : 0.71328932    
 **********************************************************************

 exx =       0.000000 eyy =       0.000000 ezz =      -0.910673
 eyz =       0.000000 exz =       0.000000 exy =       0.000000

   ***  cartesian gradients written onto <gradient>  ***
 
 
 
 ==============================================================================
                           electrostatic moments
 ==============================================================================

 reference point for electrostatic moments:    0.00000   0.00000   0.00000

 
              nuc           gs,e       ->  gs,tot          excit     ->  total
 ------------------------------------------------------------------------------
                          charge      
 ------------------------------------------------------------------------------
          10.000000     -10.000000       0.000000      -0.000000      -0.000000
 
 ------------------------------------------------------------------------------
                       dipole moment  
 ------------------------------------------------------------------------------
   x       0.000000      -0.000000      -0.000000       0.000000       0.000000
   y       0.000000       0.000000       0.000000      -0.000000      -0.000000
   z      16.670869     -17.163441      -0.492572       0.945999       0.453427
 
   | dipole moment | =     0.4534 a.u. =     1.1525 debye 
 
 ------------------------------------------------------------------------------
                     quadrupole moment
 ------------------------------------------------------------------------------
  xx       0.000000      -3.450078      -3.450078       0.172186      -3.277892
  yy       0.000000      -3.450078      -3.450078      -0.083711      -3.533789
  zz      30.725828     -34.950485      -4.224657       1.125111      -3.099546
  xy       0.000000       0.000000       0.000000      -0.193320      -0.193320
  xz       0.000000      -0.000000      -0.000000       0.000000      -0.000000
  yz       0.000000       0.000000       0.000000      -0.000000       0.000000
 
     1/3  trace=      -3.303742
     anisotropy=       0.505021
 
 ==============================================================================
 


    ------------------------------------------------------------------------
         total  cpu-time :   0.02 seconds
         total wall-time :   0.03 seconds
    ------------------------------------------------------------------------

   ****  egrad : all done  ****


    2024-01-11 10:05:19.813 

